50;pink;
.###.##...##.#..##.#...#.#.##.#.#.#####.##..##...#.#..#.#.#.##.##..#.#.###.#..#..#..##.#...#..####.#.#.##..#.#....##.#.#.#..#..#.###.#.#..#....#.#.#..#.##..#.#.#.#...#.#.#.##...######.#.#.#.##..##..##..##.#.#.#.#....#..#..#....##.##.##.
.#FFFF...............................P......................................................................................................................................................................................................
.#........................................................................................................................................................................................................................................##
#...#..#.#..####.##..#..##....#.#........##.##.#.##.#.##.##...#####..#....##.##..##....#...######....#...#.#.###.#.....###.##....#.#...#########..#.#..#....#.####....#.#.##.....#...##..#..#....#...#..##...####.#.##.#..##.##...####......
.#..#..##..................#..#.....#................#..#..#.......#..#.....##.............#..........#....##.......#........#.....................#...........##......#..............#.....#.......##......................#..........#...#
..............................#.....#..#................#...................#.........................#.....#....#...#.......#......................#..#..#..........#...........#.......#................................................#.
.#........##.....#..##...###..#.#...#.......#...##...#......#.#.#..#..###....#.#...#.#...#.....##..#..#.#.##........#..#..###..........##....#.........#.##....#..#.##.....#.##..#.#..#..#.#.....#.#.#..#..#.#.##...##...#..#..#.#..#..#....
.#..#..#.....#..#.##.............#.........#.....#......#....##..........#........#..............................#.....#..#.....#.##..#....#..#........#...........#........#.........#.........................#..#..#...................#.
.#..#........#.....#....#........#................#...........#..........#.....#..#....................................#..#.....#.......#..#.....#................#.....#..#.........................#....#.....#..............#.....#....#.
#....##....#.................####.....##.......#...###..#..#..#...#.......###......##...###..#.##.#.#......#..#...###.#......##.#..#.......#...........#..#....#..#.....##.....#.#...##..#.#...#.#...#.##.....#..#.#..#......#...#.....#....
.#........#.....#.....#....#........#..........#...........#.....#........................#..#........#..#...................#..........#........#.....#..........#..#..............#..........#..#..#................#..............#.#...#
.#...........#..#....#.....#...........#.......#...........#.#..............#..........#.................#..#...........................#.....#..#..#..#...........................#..............#..#..............................#.....##
.#...###.....#..#..#......#..##.#..##..##.###...##....#.#.##.....#.............#.###..##...#.#....#...#..#....#..#...#.###.##..##..........#...#....#.....####.#..#..#.##...#.....##....###.#.##.....#...##.#.#....#..#..#.#..####.....#....
#.........#.....#.................................#..#................#..#..#..#................#..#..#.............#................#..#...........#......................#.....#.....#................#.......#........#.......#.........#
#...........................................#.............................#.#..#................#..#..#..............#.............#.......#........#.........................#..#................#.....#.......#..#..#...........#....#..##
....##....#....##..##.#.#..#.#....#....#.#.#.....##..#..#.##.##..#..#.......#.....#.#.#.#.##..#....#..#....#.....#..#.##......#..#.#....#..#.#...#.#.##..##..#.#.#...#..#........###..#..#.#..##..#..#..#.#..##.....##...#..#........#......
##..#..#..#...................#..#...................#..#.....#..#..#..........#.....#......................#..#..........#...................#..#........................................#..................#...........#..#...............
....#...##...#.....#....#...........#...........#.......#.....#....#.................#..........#...........#................#..........#.....#..#...................#.......#...........#..............................#..............#..##
.......#..#...#.#.......#...#.#.......#.#.#.....#....#..........#....#.####....#.#...#...####...#....##.#..........##..##.......#.##..............##...#.#....#.##..#...#.##.#...#...##.....#.#......##....##....##..#.#.#..#..##.#.#..#....
#...#.......................#.....................#........#................#.....#.....#..........#.....#.....#.............#........#.#........................................#....#..#.....#..#........#................................
.#...#..........#.....#....#.....#................#.......##................#..#.......#.....#........#.##.........##..##..........#.#..#..#...#......#...#.....................##....#......................#.............##.#...#........#
#...#.......##..#..#....#............##...#....##.....#.........#...##.........#...........#....#..#..#........#.........##.....#..#..................................................#........#............................................
....#..............#.....#................#..........#........#..#.......#................#....................#..........#.....#..#....##........................................................#....#........#.....#..#................#.
.#...#.#.....#..#.........#..#.#..#.#..#..#.#..##..#....#.#.#....#..#.#..#..##.#####...........#.#####...#..#......#.#.#.............#..........#.#..##...##.#.#........#......#..##..#..#.....##.#..#.....#.#..#..#......#.#.#.....#..#....
.#.....#..#..............##............#.........................#............##........#............................#.......#..#....#.....#..#................#...#.#..#..#.....#.#..#...#....#.....#..............#.........#....#...#..#.
#....................#.....#....................#.......#........#.......#.....#................#................#..#.....#.....#....#.....#...................#..#.....#.......#...........#......................#...........#....#.....#.
.#..#..#..##.#####..##..#.....#.##..#..#..#......#.##...#...#....#..#.###...#....##..#......#......#.....#....#..#..#........#.............#..#....#.#........##.....##.#..#..#.#......#....#..#..#.##..#..##..#.##...#...##........#.....#.
##.....#...................#..#.....#..#.............#.....#.#...........#..................#...#..#.....#.............#..#..#.....#.....................##..#....#........................................#............#......#....#..#..#.
.#..#.....#...................#.....#..#.#.................#..#.............#......................#......................#..#..#............................#....#.........................#.........................#.....#..#.#..#..#..#.
##..#......#.####.....#.#..#..#..#..#...........#..........#...#.#..#....#..#....#..##.#.....#...#.#...#.#....#.##..#..##.......#..#..#.#..#.#####.......##........#..###.....##..##..#........###.#.....#...#...####....#..#..##.........#.
....#..#..#............................#.......#........#..#....#......#.............#................#..#..#.....#..........#..#.....#.............#..#.......#..#.......##.............#..........##..#................#.............#..#.
#...#.....#.....#...................#.......#.........................#..............#..#.#..##.......#...........#.............#..#.#........#.......................................#.............#...#...........................#..#..#.
#...#........#..#..##...#..#..#..#..#..#..#.#.....#.##..#..#.....#.#..#....#...#.##.#...#.#....###..#.......#......#.##.#.##.#..#........#.#..#..#..#........#.#..#..#..#..#.....#........##.#..........#.##...#......#....####.#.........#.
.#.....#.....#................#................#...................#........................................#..........#........#..........#..#..#.....#..#.............#.....#....#........#...................#..#.............#..#..#..#.
##..#.....#........#.......#..#..#.......#.....#..#..#.##.............#..#..#............................#..............................#...........#..#..........#..#..............#.#.........................#................#.....#..#.
.#..#..#..#..##....#.....#.......#...##..##.......#.....#..#.#####....#........#..#..#......#.#.#....#.#.#..#....#..###...#..#..#...#..#......#......#.#..#....####..#..#.#...##.#..#....#..#.#......#.##....#..#..#..#..#......#.........#.
.#..#...........#.............#..#..#..........#.................#.......#..#..#.....#.#...#...................#.#....................#.........................#....#...................#.....#..#.......#..#...........#..#....#..#..#..#.
#...#..##....#................#..#.........................#..........#..#..#..#........#..#....#..#..............#.#........#.##....#...........#..........#..#.....#...........#.......#.....................................#.....#....#.
................###......###.#......#......#.#.#..#....#.....#........#..#..##.#........#...##..#.##....##.#.##....#...##.#........###...###.#.#.#..#....#.##...##.##.#.......#..#..#.##.##.#....##.........#...#.##..#..#..........#.....#.
.#..#.....#.......#....................#.............#.....#.....#................#..#...................#..........#..#...........#...................#...................#................#...................#...........#..#.......#..#.
....#.....#...........#................#....#.....#..#.....#..#..#.#.................#..#....#...........#..........#..#...........#................#..#..............................#.....#...........#...................#..#.......#..#.
##........#..#..#..#..#.#..#..###..###....#....#.....#..##.#.....#....#...##..#.................#..##............#..#..#..#.....#.#..#..#...#..#.......#...##.#.###.#..##..#..#.......#.....#...#..........###..#..#........#.....#.......#.
.#.....................................#......................#.......#.....#...........#.................................#.....#.......#..#........#.....#........................#..............#..#................#..#..........#..#..#.
##.....#..#........#......##........#..#....#.#...#...#.##.#.........#.........#.##..........#.....#...#.##.....#.#..........#...............#.#.#..#.....#................#..#......##..#..##.#..#...##.....#......##.......#..#...........
....#...........#..........#..#..#........#...................#..#...................#....#.....#..##...............#..#..#..#........#.........#...#...............#......#..#.#............................#...#.......#..#...............
.#..#.....#..#..#.......#.................#.......#.........................#.............#..#......................#.....#..#.....#..#..........#..#.............#..#.........................#..........#.....#...........#.............#.
....#..#.........#.#.......#..#....#..##..#.....##.....##.#......#..#.#..#..#...#.#..#........#.#..##.#.##....#...#..........#..#..#..#.#...###......#.#.#.......#...#..#.#.##......#.#..#....#...##.#..##...#.##..#..#.##..#...#.#.#..#..#.
#....##...#..#....##.......#..#.......#........##....#.....#................#..#..#......................#........#..........#.............#........................................#.....#....#....#..........................#..........#.
....#..#..#..#.........................#..#..........#.....#..#......................#.......................................#.....#....#..#...................##...................#....#.....#............................#.............#.
#...#.....#........#.......#..#..#..#...#.#..#..#....#..#..#.....###..#..#..#..#...#.....#.##.#####.##...#..#.........##........#...##.......#.##.#.#.##.###..#..##..####..###....###......##..##....#..##.##.......##..#....#....#...#.....
.#..#..#........#.............#................#...................#......#....#......................#..........#......##...#..#..#....#..#..................................#...................#....................................#...#
.#.....##....#..#..#.#..#.....#..#.............#.....#..#..#..#.........................#.............#.....#..........#......................................................#..#..........#........#..........#......................#..##
.#..#....##.................##...#...##...###..#..#.#...#.#...#.......#..#..#..#....#....##..#..#..........##..#..##......#..#..#......##...#......#.#.#..####.##..........#....#..#...#####.....##..#.#...#.#..#.#.#.....#..##..#..#..#..#.
##..............#.......#..#.............#........##..................#........#.....#.............#..#.............#........#..#..#..#....#.....#.....#..........#..#..#.............#........#.............#........#.....................
.#..#...........#..........#.............#.......................#....#.............##................#.............#...........#..#..#................#..#.......#..#..#.................................................................##
.#...##.####.......#.##.#.#.###..#..##.##.#..#.#..#..#.##..#.##..#..##......#....#.#.....#.#.#..#........#.......#....#..#.............##..#..#.#..............#......#......#.##.#...#...###..#....##...#.##..#.#.......#..#..#..#.##.#..#.
#..............................................#..#..#........#.........................#.##....#..#.....#..#..........................................#..#....#..#................#.................#.............#...........#.......#..#.
.#............................................................#.......#..#...........#.#..............###...#.#..............#..#..#.....#....#....#....................#..#..........#...........#......................#..#.............#.
.#...#.#.........#.#..#...##.##...###.#...#.####..#..#...#....###.....#...........#....#.....#..#..#.#...#..###..#...#.##..##...#..##......##.......#.....#...#...##.......#...###..#.....##..##.#...#.##....##....#..##.#..#..#..##......#.
.#........#.....#.............#........#...........................#..#..#..#..#..#.................................##...............#.................#.......#........#.....#..#....#..#...................#..#...................#..#..#.
#...#...#.#.....#................#.......##.......#..#..#.............#.....###....#......#...#...................#.........#...#.....#..........#.............#.....#.....#..........#...#...............#..#...#....#...................#.
.#.....#......#.#..#.#...#....#....##..#.....#..##..#...#..#...##..#..#........#....#....#....#.#..#..#..####.#.....#.##..#..#..#.#...#.#...##.........###....#......#..#........#.##..........##.#..#..........#.#..#.....#.##.....#..#..#.
#............#..........#...........#................#...................#..........##..#.............#..........#.................#.......#..#..........#...#....#........#................#................#..............#..........#..#.
.#..#.......#..............#..#..#...................#...........#....#..#..............#.................................#.......#......#.#.....#..#..#..#..#..........#..##...............................#......#.............#........#.
.#..#..#........#..........#...........#..#.##....#........#..#.......#...#.#..#........#........#..........#........#.#..#......................#.............#..#..#..#................#....#...#.............#.##.......#................
.......##........................#.....#..........#...........#.............#.........................#.............#...............................#..#.......#...............................#................#.....#...................#.
#...#..##.#.........#...#..##.#.....#..#..#....#....#.#.#...#..................##.#..###...#....#..#.#..............#.....##..#.#.#...#....#..#..#..#..#.......#..#..#...#.##.......##...##.#.......##.#.###...#...#.....#..#..#.#..##.#....
.#..............#..#................#..#.....................##..#..........................##..#.....#..#........#....#......................##.........##....#........#.....#..........#........#..........#.....#.....#.............#...#
#...#.....#....#...#.......#........#..#..#.....#.............#.......#.....#.............#...........#.............................................#................#...........#....#..#.....#...............................#............
.#..#..............#.#........#.##.#...........####.#.........#.......#..#..#..##.###...#....#..#...........#.....#.#..##....#....##..........#.....#..#.#..#..#..#..#...#.#................#..#.....##......#..#......##.....#....#...#....
.#..#........#.......#....................#....#........#..#........#.......#.....#..#.............#.....#..........#...................#..#..................................#..#....#..#......................#...........#.............##
#............#.......#........#............................#....#............................#.....#................................................#..........#..#........#..#.....#.#..#...........#..#....#........#..#..#.......#..#....
.#..##.#..#..#.##..##.....##..#.##.#.#.#..#....#....###.#..#..........#.#.....#........####.#..#...#..#..#...##...#....#......#....#..#.....#.#.......#.##.###.#..##.#..#..#...##...#......#...#.#.##.....##.#..#..#..#..#....##.#..#..#..#.
#........................#.#..........#...........#......................#.....#..#.............#.........................#.....#....................................#......................#.........................#..#................##
..........#..#..........#...#..........#..#.......##..........#..........#........#......................#.............#..#......................#......................#..........................................#.....#.............#....
.#..##..###.......##....#....#..###.#.....#......#.#.......##.#.......#..#.........#....#.#..##.#.....#....#.##...#.##.#.........#.##....##...#.##.#....##........#..#....#...#...#....#.....####.#..##.#..####.#..#..........#..#..#..#..#.
.............#..#.......#............................#..#...................#..#....##....#........#.......................................#..##..................#.....#..#..........#.........................#...........#.......#..#..##
##..#.....#...#....#..#..#.......##....#..#..#...................#..........#................##.......#...................#................#..#................#........#.....#..#........#...........................#.....#..#.#..#.......
.#..#..#..#...#.#.....#...#.#.......##....#....##.#..####...#.##.#.........##..##..#.#........##...#......#....#....####.....#.#.#...####..#...#.####.....#..#.#..#.##..#..#..#...##..#...###..#.#####...##..#..#..#..#..##....#....#..#....
.#..#..................................#......................#.......#..#..............#..........#........#....#..#..#..#...........#................#..#..#.......#.............#..#........#..#.....#....#.....#..#.............#.....#.
#...#..................................#...........#..................#..#.........................#........#............#...#......................#........#................#........#.......#........#....##....#..#..............#....#.
.....#.##......##..#.....##.#.#..#.##........#.#..#..#.#.#.#.....#..#.......#.###......##.####...........#....#..#........#..#....#...#....#...####.......#.......#..#..#..#.....#....#..#..##.#.....#..#.....#..............#...#..##.#..#.
##.................#..........#.....#.........................#..........#..#...................#..#............................#..#..........#........#......................#.............#...............................#....#.....#..#.
#.........#..#...###.....#.....#....#.....................##...............##..#..#..#..........#..#................#........#.....#.....#....#..........##....#.....#.....#.........................#..#..#..........##.#..#...............
.#..##....#..#..#..........#..#..#..#....#..#..#..##.....#.#.....##...##....#............#..#.........#.#..##..#....#..#........#..#.....#........#..#.....##.....#..#........#........#.#..#..#..#............##..#.....#..#..........#....
.#........#..#......................#.....#....#..............#....#..............#..#.......#.....#...........#....#.....#.....#................#.......................................#.........................#........#..#..........#.
##..#..#..#.....#.###..##.##.....#..#........##.#.#..#.......#.#.#.......#.#..##........#..#....#...#....#.....#....#..#..#..#........#..###..###.#..............#...#..#..#..#.....#.......##....#..#.....#.##.......#..##.....#...#..#..#.
.............#...#.............#.#.....#.............#..#................#......................#.....#.....#....#..#..#...............................#.##.......#..#........#.#........#...............#.........#..#.....................
#...#..#..#...................#............................#.............#..............#.............#................#.......................................#..............#..#.......#..........................................#.....#.
.#..#..##.#..#..#..#....#.#...#.......#.....#..##....#....##....#...#....#...##..........##..#..##....#.##.#.....#..#........#..#..#..##.####.#....#.##......#....................##.....#..#.#..##..##.#......##.##..##..##......#....#..#.
.#................#........#........#.......#....##............##..............#..#..#......................#..............#..........#.......#..#........#..#..........#..#..#.......#.....#.................#............##.............#.
#.........#..#.....#.......#.....#............................#.....#................#.......#.................#.......#..#.....#.............#...........#..#................#....#...#....#...............................#..........#..#.
#....#.#..#...#.......###..##.#..#..#.....#....#..#.##...#....#.....#..###..#..#..###.....#..#.##....#.###..#....#..#..#...###.#...##.....#.#.....###..#.......#.###.#.##..##....#...........##.....##.#.#...#.......##..#.....#.###......#.
.#.............##..#.............#..#..#.#.....#.................#...................#.............#........#....#..##...................#.......#........#........................#.....#.....#.........................#................#.
##..#..#........#................#..#.....#..........................................#..........#.....#..........#........................................#....#.................#..#....#....................#........................#..#.
.#......#...##..#..#....#..#..#..#..#..#.....#.#..##..#.#.#.###.....##.#.#.##....#..##..#..#.#.....#..###..##.......#..#.#..###..#..#....##.##.#....###...#....#...##..##..#..#..#...#........#...#.##.#.#..........#..#.#..#....#....#...#.
#.........................................#...................#..#....#..#......................#..............#....#..#..#............................#.......#............................#.....#.............#..#........#..#.#..#.....#.
.#..#................#..............#..........................................#...................#...........#..........#.........................#.....#....#...........#...............................................#........#.......
.#...##.#.#..#.#...#........#.#..#..#.....###..##.#..#...###..#..#..#....#....#.....#.##........#..##.#..#.#...#####...#....###.#.#...#.##..##......#..#......#...#..#.........###...##.....##....#...#......#..##.#..#..#..#..#.......#....
##...........#.....#.#.....#........#................#......................#........#.......#..#...........#..........#...................#.....#.....#..#.......#..#........#.....#.......#........#.............#......................#.
##................#..........................#.......#......................#.............#..#..#.....#..#..#..........#..............#.....#....#....#.#............#.....#..#.............#.......##..#.............#.......#...........#.
....#..#..#..#.#.#.#....#..#...#.....#.#.##........##...#..#....#...#..#.#.....#..#..#..#................#....#...#.###...##.#....##..#......##.......#..#......###....##.....#..#........#.......#.......#..#.##.##........#.#.....#..#..#.
.#..#..#......................#..#........#...................#...................#.....#....#.....#..#...................#.....#.......#.........................#..#.....#..........#..#.....#..#...................#..#..#.....#.........
#......#.................#................#....#..#........#..#....................###.......#.....#..#..#.....#.............#.....#..........#..#...........#.............#..........#..#................#..##..........#..#..#.......#....
.#.....#.........##.......#.#....#.#.###.......#..#.....#..#..#.#.....##.#...#....#..#..#....#.....#..#..........#.#..#.........#..#..#.#..##.#........##.#....#.#...#..#..#....#.#...#..#.....#....#...#.#....##..#.....#..#.......#..#..##
....#........#....#.................#.....#................#..........#..#..#..............#....#..#..#..#..#..........#..#.............#...........#.........................#....#.....#..#........#..........#...........................
#....#................#.....#..........#.............##...#.....#..............#...#..#...............#.....#....#.....#..#..#.....#.......##........#....#.............#..#..#........#....#........#..#.......#..#..#..#.....#.#....##..##
.#........#.....#...............##.............#..#........#...................#.............#..#........#...........#........##..............#..#..........#........#........#..#.............#.##..........#...........#..#.......##......
##.....#........#......................#.......#..#........#..#..........#......................#........#..#.............#....................#............#..#........#.............#......................#..#..#......................#.
..........#..#..###.......#.#.#.....#...#..##...........#........#..###.....#..#..##..#...........#..#.#..........#.#..##....#..#.....#.##....#..#..#..#..##......#.##...#.###...#.....###..#..#...##...###...........#..#..##....#.#..#..#.
#...#........#................#...........#...................#.....#....#...........#....#.....##..........#.....#.............#..........#........#..........#..#..........................#...............#..#.............#...#........#
...................#....................................#................#..#..............#....#.....#.....#..#.#.....#..#.....#..#..........#.....#..........#.................#.......#..#.......##..#................#.............#..##
....#.#..##.#.#.#..#....#..#..#....#..##......#.#.#.........###..#....#.....##.#.##..#..#..#.............#.#...#.....#...............#.#...#..#........#..##.#.#..#...#.#...#.#.#.##..#.....#..#...###..##...#..#..#.....#..#.............#.
##..##.............#......................#..........#..#..#.....#...........................#..#..#...................#.....#..#..#....#.....#..##........................#..........#..#................#........#..#........#.......#..#.
.#..#..............#.......##..........#..#.............#.......#.....#..#.............#.....#..#..#....................#....#..#..#................#.............#..#...................#..#..#........#..........#..#.......#...........#.
##..###.........#...#........##.###.#.......##..#.#...#....#...#......#......#..#.#..#.#...#....#...#....#..##.#..##...#..#........#....#........#......#.#.#....#.......#....#.#.....#.##......#.#.........#..#...#..#..#.........##.....#.
.#..#..#..#.............#...........#.............#...........#..........#...........#................#.....#....#..#.....#.....#..........#..#..#........#.............#.........................#..#..#...................#.....#.......#.
.......#.....#..#......................#...................#.......#..#.....#........#....#..............#.......#..#........#.......#..#..#..#......................#........#.............#........#......................#....#..#.....#.
##..#..#.....#.##.####...##....#.....#....#.......#...#.#.....##.##...#............##.#..#...##.....##......#..#......#...#.#...#..###..#.....#.....#.........##...#.#.....##..###..#.#..#..#..#..#..#..#..#........#.#..#..#...##.....#..#.
...........................#..#..#..............#....#.....#..........#........#...................#.....#......................#..........#..#..#..#............................#......................#..#.......#...................#..#.
.#.....#........#..........#.....#.............#.....#...................#.....#..#..............#.#...........................#..............#..#..#..#....#.....#......................#..#.....#....#..#........#........#..#....#..#..#.
#.......#.#..#..#....#...#....#..#.##.###..##.....##...##...#.##.##...#.#.##...#....##....#..#..#..#.......#......#.#.###.####.##.....#..#.#........#...##.....#..#..#...##..#...#.#..#..#..#..#.....##.##...##..#.#..#..#..#....#..#.....#.
.#..#........#.....#.....................#.....#......................................................#....#.......................#..............................#..#........#................#..#..........#...........#..#..........#..#.
#...##.......#....#......#.....#..................#...................................................#....##......................#.............#.............#...#.#.............#...#......#...............#..................#..#.....#.
....##.##.#.....#..#......#.....##.#....#.#..#.......#..#.###.###...#..#.#..#.....#..##..##....##..###.###...##.....#.###....#.####.#.####..###.....#.....#..#.#..#.#...#.#...#..#.......#.#...#..##.#..#.....#.#..#..#.....##........#...#.
##........#................#........#..#..#.......................................#..#....#........#......................#............................#..#..........#..#..#..............................#..#...........#.............#..#.
.....................##....#.....#..#..#..#.......#.....#..#.....#............##....#......#....#.##................#............................#...................#..#.................................#........#..#...................#.
#......#..#.....#............#.......................#.....#.##......#.#.#..#.....#.....#....#........#................#..#..#....#.....#...........#.....#........#.#.........#...............##.#..#.......#..#........#.....#.#..##....#.
.......#.....#......................#..#......................#..........#...................#...........#.......#............................#..#.............#........#...................#..#..#..#..........#.....#...................#.
#............#..#.#.....####..#..#.....#..#.......#..#.....#....#........##....#.......##.#.....#..#.....#..#...#...#.....#..#..#..#.....#....#...#.#..#.##....#.....#...####.#..##......#.........##...###..#.....#..#..#..#.#.....#..#....
....##.#..........#...#....#..#........#.............#................#...........#..#...................#.............#........#..#.........................#....#................#..#..................................#..#.............#.
.#..#..#.....#.....#..#....#..#..#................#........#.....#.#..#........#.....#....##................#....................................#..........#.........................#.....#.............##.......#.....#.......#.....#..#.
.#..#...#.#.....#..##......#..#.....#..#.#.##..#..#..#...##...#..#.#.....#..#..#.............#..#..#.....#...#####.#..#.......#.#..##..........##....#.#..#.#..#..#..#.....#.#...#.......#........#..#.....#######....#.....#..#.....#.#...#
##.......................##.............................#................#..#........#..#....#..#...##...#...................#..........#..#.....#..............#....#.....#..#.......#..#..........................................##......
....#.....#.....#.......#..#..#.........................#.....#......................#.......#..#..#..#..#..............................#..#...................#.....#...................#........#..#......................#..#..........#.
.#..#......#.......#.......#..#..#.#..##.##.....##...#.....#..#.#........#.....#..#.....#..#.#..#.#...#.....#...#...#.#.#..#......#.#..#....#.#..#..#..#..#..##..#.###....##..#..#....#...###..#........#...#.##.#....#..........#...##...#.
#...#.....#..........................................#.....#..#.......#..#.....#........#..#................#..#.#...........#..#.............#........#..#.............#.........................#.....#..........#.....#..#.............#.
.......#...................#..#..............#....#..#.....#..#..#.......#..#..#..#..#........................#..#..#..#.................#....#.....#..#..#..........#.............#..#...........#..#................#................#....
.#..#..........##..#...##..#..#.#.#......##...#......##......##...#.........#.....#.....#...#..##.##.##.#.....#..#..#...#.#..#.....##.....##..#..#..#..#.#...#....##.#..###......#.#..#..#..#...#......#...##...#......##...##..###.#..#....
##...........#..#..#..#.............#..#....#...........#.............#..........................#...............#...............................#........#..#.#.....#.....#..#.............#..#.....#.......#.....#.....#................#.
.#..#..............#.......##.......#.#...........#.....#.............#..#...........#...................#...........#........................#............................#..#..........##.#..#....#........##..........#................#.
.....##..#.#.#..#..#.......##..##...##.#........###.........#..##.#..........#.####..#.##...#...#..##.......###..#..##....#..##.#..#..#....#..#....##..#..#....###...#......#....#...##...#..........#..##.....##..#..#.....#.###..##.......
##..#...................#........#........#.....#....#..#........#....#...............................#................#..............#.......#...................................................#.....#..........#..#................#....
.#..............#..#.......................#....#...............#........##..................#........................................#.......#...................##..................#........#...........................#...#..........#.
.#..#.....#.....#........###.....#....#..##.#...#........#####.#......#..###.#.##.#.#..##.#..#...#....#..#..#.#...#..........#.#.##....##.##..#..#..#.....##..#...##.#..#.#..#.#....#.....##..#...#...#....###..#.....#..#..#..#..#.##.#....
##..#..#.....#.....#........#....#..#.............#.............................................#..#....#...........#..#..#..#.....#.............#..#......................#.............#................................................#.
.#..#..#...........#....#..#....#..................#..................#.........................#.......#...#...............#....................................................................#......#..#....##.#..#.......#..#..........
#...#.....#....##............#...........#.....#..#.....#..#...#.#.#.....#..#..#..#.#...#.##....#..#..#..#....##.......#..#........#......##.##..#..#.###.#.....#.#..##.#..#..#...#......#..#.##..#.....#..........#..#...###.#.....#.#....#
#..................#....#.................#..........#..#..#..#....#........#........#......................#.......#..............#....#.....#..#..#..#.....#....#...........#.......#..............#.......#...........#.............#....
#......#..##....##......#.......#......#...#.....##..#...###........##......#..#..#..#.......#..#........#.....#.#.....#.#...#..#......#......#.....#......#............#......#.#........#....#.....#..##......#....##.............#..#....
.#...........#.............##..........#....##..............................#..............#.......#........#.......#........#.....#.......#...........#.......#..........#...........#.....#..........................................#..##
#......................................#......................#..#.......#..#.....#.......#.....#...........#................#........#.....#....#.....#..#.......#.....#..#.......#..#......................#...#........................#.
##..#.#......#..#.##..#....#..#.#.##..#.........#.##....#..#.##..#.###.##...#..#..#..#..#.#..##.#....#...#..#.#....#...#..#.#...#..#...##..#..####.#..#.....#....#.#.#..#..#....#...#....#....##.#.###.#....##...#....#.#...#....#..##.#....
.#..#.............#........#..#.....#..#................##...............#..#.......#.................#................#...........#......................#.#........#..#.....##...........................#.......#.....#.....##....#....#.
.#..#..............#.......#..#.....#..........#............................#.........................#..#.............#..#.............##...................#...................#....#..#.............#...#.......#.....#..#..#............
#....#..###................#...........#..#.#.#....####.#.....#.#.....#..#..#.....#..#..#.#..##.#.#.#.......#.#...#.#.......##.##..##....##....#...##.#...#...#.....#.......#.#.....#.#...####.......#.....###..#.##..#..#..#.......#..#....
.....#....#..#..#...................#.....#.......#........#..#........#.#................#..#...........#........#................#.#..#.....#........#.............#..#........#....................................#.............#..#..#.
#.........#.....#..#.#........#...........#.......#........#..#....#..#..#........#...........#..........#........#.............#..#..........#.................#....#............................#.........................#.......##....##
....#..##.#..#..#...#..........##....###....#..#.#...#.##.#...#....#..#........#.....#.#......##......##.#..#.....#....##....#.##......#...###....##..##........#.#.....#.#.....###....#.##.#..###......#.#.....#..#..#....#.##.....#..#..#.
.#..#................#.....#.....#.....#................#...................#..........#........#..#..#.......#....................#.......#.....#........#.#.....#..#.............#..#.................#.......#.....#.....#...............
.#..#...................#...#..........#................#.....#.......#.....#..........#........#.....#...........................##.......#.....#...........#........#................#....#..#....#...#.......#.....#.....#..........#..##
.#..#..#..#..##.####.........#..#...#.#...#.##.#.##.#...........#.....#........#.#..............#.#...#....#........#..#..#..#....#.##...#....#.....#.##.....#.##.#..#..#..#...#.............#.....#.......#.##..#.#....#...#........##.....
.#.....#................#...........#................#..#.............#..#.........................#..#.....#.....#.......#.....#........#......................................#....................#..#................#..........##....#.
.#..#..##.#..#.......#..#...........#.....#....#..................#...###.........#.......#..#........#..........#.....##.....................#.....#..#................#.......#........#.........................##.........#...#.#.....#.
.#.......#....#.#..#.#.....#.##.......##.....#.#..#..#.....#..##.#..........#.#......#........##...#....#...#..#.....##.#.#..#..#..#..#.#..#...........#..#...#.##...#.....#..#.#...#.#......######..#...###......#..........##....#........
#...#.........................#..........##.......##..........#.............#..#..#..#..#....#..#..#.....#..#..............................#..#..#..#.....#.......#........#................#.....#......................#.............#..##
.#...#..................#..........................#...........................#.....#..........#...........#....#................##..#...........#....#..........#.....#.#...........##.#...................#...........#..................
#...#..###.#..#.#..#.......#.....#...##...........#.####.#.#..#..#..###..##.#........#..###..#.....#.....#............#...#..#...#.......#.#..#..#..#....#....##....##.........##.##...#.#..#.#.....#....###...####...#....#.#...#..#..#....
.....................#..#..............#....#..............#.........................#....#.....#........#.......#..............#.....#........................#......................#..............#...........................#..#.....#.
.#..............#................#..............#..#....#........#.............#....#...........#..#..#.......#..#..#..#..#....##.....#.......#..#..............#....#.......#........#...........#..#...................#.............#..#.
#....#....#........#.......####....#.................##.......#.......#....#...#........#..........#..#................#.....#..#.......#..#.........#...........#.....#.........#.......##................#.#....#...#..#................#.
##...#..................#............................#........#..........#..#..#..#.............##....#.....#.......#..#..#........#....#..#..#.....#.............#.....#........#.......#........#..........#.....#........#.......#..#..#.
.............#.##.#.#...#..#..#......#.#..#.##....#....#...#....##..#.#.......#...#..............#.##....#........##.......#.#..##.#..#.#.....#..#.......#.....#....##.....#.##..#.#..#.....#..#.........##.....#..#.....#.#....#.........#.
.#.....#..#...........#....#..........#..............#........#.....................#......##...#........#.............#....#..........................#...................#..........#..#...........#..........#........#.......#..#.....#.
.#........#................#...........#..#.......#..#.....#..........#..............#..#.#..#..#............................#........#.............#.......#...#..........#..#................#.....#................#..#.............#..#.
##...###......#.#.........#.##...#..#...#....#.#.....#..#..#..#..#....#.#.#....#..##.#...#...#..#.....##..#.#..#.#.#..##...#.#...#..#....#.##.#.....#..#.###....#....#..#......#.###......#.....#......#...#.#..#..#..#..#..#.#...##.#.#..#.
.#..##............#...........#.....#..........#..#................#........#....#....................#................#........#........#.......#...............#....#............................................#..#..#....#.............
##....................#.............#.............#..#..........#...#.............#..........#.....#...................#..#.....#.......#........................................#....#.....#...............................#..#..........##
....#.......#...#..#...#...#..#..#......#..#...#........#.##.##..#..#.......###.....#######.....#.#.....#...#..###............###...#.......##.#.#..##.#..##...#..#..#..#.#...#..##..#.......#....#..#.##.#..###...#..#....##...#.####.#....
....#..........#...#.....................##.......#.....#.............#........#...................#........#..........#.............#..#...#........................#.........................#..#..#.................................#....
#...............#.....................##.......#..........................................#..#.....#....................................#..##.....................#..#........#..........#............................#...................##
....#..#..#..##.....#..#....#.#..#........#..#.#...#..#.#..#..##...#..#####.#..#.##.#####....#.#.....##..#..#.....##...#.....####.##..#.......#..###......#####...#...#.#..#...##....#.#.#..#..##....#........#.##.#...#.#..#.#...#..#.#....
#...#.....#..#..........#.....#.....#.....#..#..........#.................................#.....#...................#...........#.....................#........#............................#........#...................#..#...............
.#...........#...................#.......#...#.....................#........#....................#.......#..#.........#................................#..#................#....#........#..........#...#.....#....#...........#.#.....#..#.
.#...#..#.#..#.##.#.#....##........##....#...#.#..#......#.###.#.#.#...#.#..##.#..#.###.#.#.....#.#...#..........#...#......#...#..#.#...#.#..#.#..#......#.......###.#.#..#.##.####.#...#.....#....##........##....#.......#..##...#.##..#.
#...#......................#..#......................#.............#...........#......................#.....#..#................#....#..............#..........................................#..#.....#.................................#.
................#..#..........#.......##.......#..#..#..............#........................#..............#..................#....................##......#..............................................#....#.......##..#..........#..#.
#...#..#.##..#.....#...#...#.....##..#.#..##...#..#.....##.#....#...##...#.#...#....#...#.##.#..#......##...#.##.#..#..##..#..#.#..#.....#....#........##.#.....#.#..#..#..#..#..#..###..#...###..##....#...##.......#.##...##.#.##.#..#..#.
.#..#..#................#..#..#..#...................#................#..#..#........#.............#.....#..........#.....#........#..........#......................#........#..#....#.....#......................#...................#..#.
.#..#...........#.............#.#........#............................#..#..#........#.............#.....#.........#.#.............#........................#..#........#.....#........#...#............#...................#.......#..#..#.
.#.....#.##.....#..#..........#..#..#..##....#.#...........#.#...#.#..........##.##.....#...#...#..#..#.......#...#....#..#...#.#........#.......#..#.#.#..##................................#..#.#..#........#.#..#...##......##.........#.
#...#........#......................#..#.....#....#.....#................#.................#................#......................#...........................#.....#..#..#.......#.................#....#..#..#..#..#...................#.
....#..#.##........##........#..#.#..#.....#..............##..#......##.....#.....#........#........#.#.....#..##...#..#.....#..#..#.............#..#..#.......#..#..#......#....#.......#..#.....#.......#......#..........#.#........#....
##......#....#..#.......#..............#........................#..............#................#.....#....................#..........#.......#........................................#....#...........#....#........#..#..#.......#..#...#
.......#...............................#.......#..#..#...........#..........#..#.............#..#...................#..#..#..#..#....#..............#..#..#.......#.....#...................#...........#.............#..........#........##
#....#.#..#..#..#..#.#...##.##..#.###......#..........#####..##....##..###..#.....#..#....##....##.#.....#.##.####......#.#....#....#...#..#....##.....#....#.....#.#.#.....#.#.#..#..#..#..##.#.#####.......#..#.##.#.##...#..#....#.##....
..........#........###.............#...#..#....#..#.....#......................#..#.#...#..........#.............#..............#..#....#...........#..#.......#..#...........#....#......................#..#..............#.............#.
.#........#...........#.............#.............#...........#...................#.....#................#......................#..#.......#.....#..#..........#...........#..#........#..............................#.............#.....##
.....#.#......#.#..#....#......#....#..###.....#..##.#.....#.....#.##....##....#.....#..#.....#.#..#.#.###..#..#.#..#...#..##...#..........#.#...#....#...#.......#.###........##...........##...##..#..###..##.##....#..#.##..###..##......
....#........#..............#....#..#...................#......................#..#.......#.....#..................................#....#.................#....#........#................#..#............#.........#..#..#................#.
.#...........#.....#.......#.....#..#.......#..#...............................#..#.......#.....#...........#.#..............#.....#....#......................#.................#.......#..#...........#..........#.....#....#...........#.
#............#.....#...###.#..#....##...#.##..#...##.#.......##..#..##.##....##.....##.#.#.......#..##..#....##.....#..#..#..#..#.....#....##.###.##..#.##.#.....##....##..#..#..#.#.#.........#..###........##.#.....#...#.#.#.....#..#...#
#...#..#.......##......................#..........#.....#..#......................#..........#.................................#...#..#........................#.....#.......#......#.#.................#.......#..#.............#..##......
.#..#...........#.............................................#.....#.............#......................#......................#..#..#.....#..................#.....#.....#.............#.....#..#....#.....#..#................#........#.
##..#..#.#...##......#..#..##.#####..........##..#...#..#.....#.#...#.....###.##...##....#.#.#..#..#.##...###.....#..#...##..#........#.#...##...#.##.#....#......#...#.#.#.....#........##......#.....#........#.#.......#.#..##...#.#.....
##..#...........#..#....#.....#........#..#......................#....#.................#..........#........#.......#..#..#..#.....#..........#.....#..#..#.......#.........................#.....#........#..........#....#...........#....
.#..#..............#.....#................................#...........#................#........#..........#........#.....#.............#..........#.........#..................#.....................................#.....#..........#..##
.....###....#.#.#........#....#..####..#......#..##..####..#..#.#.....#....##.######..##...#.#........#..#.##................#..#..#..#..........#..#....##...###.#..##..#.#...#.#....#..#...#.#..#..#.###...###.##.###..#....#.....###.....
.#........#......................#..#.....#..#................#....#..#...#..................#.....#.............#.....#.....#....................................#...................#..#........#......................#................#.
.......#.............#.....#.....#.......#....................#.......#..#...................#.....#.....#....#...#....#..............#..#....#..#.....#..........#..#........#.....#.#..#.....#..#..................##..#.......#..........
##...#.......#.#.###.#...##......#..#..#.......######.#.##.#.....##.............#.#..#.#.#......#..#.##.....#.#...##......##.#....##.....#.#.....#..#.....#.#.#.........#........#..##................#####...#...#........#...##...#.##....
.#.....#........#..........#..#.....#.........................#....#..#.....#..#.....#.......#..#.....................................#.............#..........#.....#.....#..#..#..#....#..#..#.........................#..................
#...#..#......................##.#..#..#.....##............#..#................#....#.......#....#....#................#..........#...#......#......#....#......#.......#.....#.....#....#........#..........#...........#..#..#.......#..#.
.#........#...#........................#..#.......#...#....#..........#...#....#........#..............................#.....#..#.##.............#.......................#..................#.....##...#....................#..#.....#......
.#..#.....#..#.....#....#..#.........................#................#..#..............#...................#................#..#.............................................#..#.......#.....#.........................#..........#.......
#....#.......#.#.##..#..#..#.....#..#..#..#....#..#..#..#...#.#..#.#..#..#..#..##..#.#.......#.....#..#...##....#.#.#..#..#........#..#....#...#.#....#.##.....##..........#..#...#...#..#..#.#........#....#............#..#..##.#.#..#..#.
.#..#.....#..........#.....#...#....#.....#.......#..#.....#.....#..............................#..#..#.............#.....#.............#...#....#.......##.......#...................#.....#.....#..#.....###...#.#...###................#.
.......#.....#..........#..#..#...........#................#.....#.............#.......#..............#........#.......#...................#..#......................#................#.....#........#..........#..#..#................#..#.
#......#..#..#.....#....#....##.....#.##..........#........#..#.....##..#...##.#..###..#......#.#..#....#.##........#....##.#.#....#....#..#..#...#....#.....#..........#.#...#..####.#..#...#.#..#...#..#......#....#...#..##..#..##..#..#.
.#...............#...............#........#..#.#..#..#.##..............#....#........#........#...................#..................#..#.....#........#.......#.....#.....##.#...................#..........#........#..........#..#.....#.
#.........#..#..#..#....#........#................#..#.............#..#.....#.....#...........#....#........#.....#.............#....#...#..........#..#.......#........#................#.....#................#...........#....#.....#..#.
.#...#.#.....#...............#.#....#.#.........#.......#...#.#..#....#..#.....#........#.#..#.##.#..........#.....###....###.#..#.......#.##.#...##........#..#..#..#.........###..#....#..#.....#.....#..#..........#...#....#..........#.
##..##....#.....#..#....#..#.....#......................#........#....#..#........#..#...................#..#.............#......................#.....#..........#..#..#..#..........#.....#.......##..........#..#...................#..#.
#....#....#.....#..#................#........#.............#....#........#.....#..#..#.................................#..#....................................#..#...................#..#.....#.....#..#................#....#...........#.
.#..#.....#..##....#....#..#.....#..##.#..#....#..#.....#..#..#.....#....#..#..#..#..#.......##..##.#.......#..#.#....#...#.....#.#...#.##..#.#..#....##.#.##..#...#.......#..#....#..#..#.....#.#..##..#....##.#....#...#####....###..#..#.
.......#......................#...........#....#..#...........#.......#.....#.............#........#.....#...........#...........................#...................#.....................................#...........................#...#
#...#.....#........#....#..#.............#........#..#.....#.......#.....#..#..#..#................#.............#..##....#........#.................................#.....#...................#.......#..............#........#....#......#
.#..#..#.##..#......##.........#.##.#..#..##...###......#.....#..#.......##.#.....##.#........#.#.........#.........###......#......#.....##..#...........##..#.#.#..#.###.......#....##....#..#......#......##.............#.....#....#..#.
#..............##.......#..#.....#.............................................#.......#..#..#.....#........#..........#.....#..#.......#...........#..#..........#...........#..#....#.....#........#.............#..#..#.....#..........#.
#...##..........#....##.....#................#...............##................#........#....#...#.#..#.....#.......#..##...#...#..........#..#..#..#....##.......##..........#....#........#.......##....##..........#..#..#.#........#...#
#....#.##..##...#..##.#....#.#....#.##...#.##..#.###.#..#...##......#.##.#.##..#...###....#.##..#..#....#.#.#..#.#.....#.##..#.#.##.###....#....#......####....###..#.#..#..#.....#.#.#....##....##..#..##..#..###.#...##...##....#.#....##.
.#..........................................................................................................................................................................................................................................
#..........................................................................................................................................................................................................................................#
####..##.............##.#........................#...#.........#..........................#........................#.#..............................#.........................#.....................#.....................................##
